******************************************************************************
                  TI ARM Linker PC v20.2.5                     
******************************************************************************
>> Linked Thu Dec  7 14:57:48 2023

OUTPUT FILE NAME:   <blinky.out>
ENTRY POINT SYMBOL: "_c_int00_noinit_noargs"  address: 00000725


MEMORY CONFIGURATION

         name            origin    length      used     unused   attr    fill
----------------------  --------  ---------  --------  --------  ----  --------
  FLASH                 00000000   00040000  000007c0  0003f840  R  X
  SRAM                  20000000   00008000  00000200  00007e00  RW X


SEGMENT ALLOCATION MAP

run origin  load origin   length   init length attrs members
----------  ----------- ---------- ----------- ----- -------
00000000    00000000    000007c0   000007c0    r-x
  00000000    00000000    0000026c   0000026c    r-- .intvecs
  0000026c    0000026c    00000554   00000554    r-x .text
20000000    20000000    00000200   00000000    rw-
  20000000    20000000    00000200   00000000    rw- .stack


SECTION ALLOCATION MAP

 output                                  attributes/
section   page    origin      length       input sections
--------  ----  ----------  ----------   ----------------
.intvecs   0    00000000    0000026c     
                  00000000    0000026c     startup_ccs.obj (.intvecs)

.text      0    0000026c    00000554     
                  0000026c    00000132     driverlib.lib : gpio.obj (.text:GPIOPadConfigSet)
                  0000039e    00000002     startup_ccs.obj (.text:FaultISR)
                  000003a0    000000f4     driverlib.lib : sysctl.obj (.text:SysCtlClockSet)
                  00000494    000000d0     blinky.obj (.text:main)
                  00000564    00000060     LCD.obj (.text:Lcd_Write_Char)
                  000005c4    0000005e     LCD.obj (.text:Lcd_Init)
                  00000622    00000056     LCD.obj (.text:Lcd_Port)
                  00000678    00000040     LCD.obj (.text:Lcd_Cmd)
                  000006b8    00000038     driverlib.lib : sysctl.obj (.text:SysCtlPeripheralReady)
                  000006f0    00000034                   : sysctl.obj (.text:SysCtlPeripheralEnable)
                  00000724    0000002c     rtsv7M4_T_le_v4SPD16_eabi.lib : boot_cortex_m.c.obj (.text:_c_int00_noinit_noargs:_c_int00_noinit_noargs)
                  00000750    0000002a     driverlib.lib : gpio.obj (.text:GPIODirModeSet)
                  0000077a    00000018                   : gpio.obj (.text:GPIOPinTypeGPIOOutput)
                  00000792    00000010     LCD.obj (.text:Lcd_Clear)
                  000007a2    00000006     driverlib.lib : gpio.obj (.text:GPIOPinWrite)
                  000007a8    00000006     startup_ccs.obj (.text:ResetISR)
                  000007ae    00000006     driverlib.lib : sysctl.obj (.text:SysCtlDelay)
                  000007b4    00000004     rtsv7M4_T_le_v4SPD16_eabi.lib : pre_init.c.obj (.text:_system_pre_init)
                  000007b8    00000004                                   : exit.c.obj (.text:abort:abort)
                  000007bc    00000002     startup_ccs.obj (.text:IntDefaultHandler)
                  000007be    00000002     startup_ccs.obj (.text:NmiSR)

.cinit     0    00000000    00000000     UNINITIALIZED

.init_array 
*          0    00000000    00000000     UNINITIALIZED

.stack     0    20000000    00000200     UNINITIALIZED
                  20000000    00000004     rtsv7M4_T_le_v4SPD16_eabi.lib : boot_cortex_m.c.obj (.stack)
                  20000004    000001fc     --HOLE--

__llvm_prf_cnts 
*          0    20000000    00000000     UNINITIALIZED

MODULE SUMMARY

       Module                code   ro data   rw data
       ------                ----   -------   -------
    .\
       startup_ccs.obj       12     620       0      
       LCD.obj               356    0         0      
       blinky.obj            208    0         0      
    +--+---------------------+------+---------+---------+
       Total:                576    620       0      
                                                     
    C:/ti/ccs1100/tivaware_c_series_2_1_4_178/driverlib/ccs/Debug/driverlib.lib
       gpio.obj              378    0         0      
       sysctl.obj            358    0         0      
    +--+---------------------+------+---------+---------+
       Total:                736    0         0      
                                                     
    C:\ti\ccs1100\ccs\tools\compiler\ti-cgt-arm_20.2.5.LTS\lib\rtsv7M4_T_le_v4SPD16_eabi.lib
       boot_cortex_m.c.obj   44     0         0      
       exit.c.obj            4      0         0      
       pre_init.c.obj        4      0         0      
    +--+---------------------+------+---------+---------+
       Total:                52     0         0      
                                                     
       Stack:                0      0         512    
    +--+---------------------+------+---------+---------+
       Grand Total:          1364   620       512    


GLOBAL SYMBOLS: SORTED ALPHABETICALLY BY Name 

address   name                   
-------   ----                   
000007b9  C$$EXIT                
00000751  GPIODirModeSet         
0000026d  GPIOPadConfigSet       
0000077b  GPIOPinTypeGPIOOutput  
000007a3  GPIOPinWrite           
00000793  Lcd_Clear              
00000679  Lcd_Cmd                
000005c5  Lcd_Init               
00000623  Lcd_Port               
00000565  Lcd_Write_Char         
000007a9  ResetISR               
000003a1  SysCtlClockSet         
000007af  SysCtlDelay            
000006f1  SysCtlPeripheralEnable 
000006b9  SysCtlPeripheralReady  
20000200  __STACK_END            
00000200  __STACK_SIZE           
20000200  __STACK_TOP            
ffffffff  __TI_pprof_out_hndl    
ffffffff  __TI_prof_data_size    
ffffffff  __TI_prof_data_start   
00000000  __TI_static_base__     
ffffffff  __binit__              
ffffffff  __c_args__             
UNDEFED   __mpu_init             
20000000  __stack                
20000000  __start___llvm_prf_cnts
20000000  __stop___llvm_prf_cnts 
00000725  _c_int00_noinit_noargs 
000007b5  _system_pre_init       
000007b9  abort                  
ffffffff  binit                  
00000000  g_pfnVectors           
00000495  main                   


GLOBAL SYMBOLS: SORTED BY Symbol Address 

address   name                   
-------   ----                   
00000000  __TI_static_base__     
00000000  g_pfnVectors           
00000200  __STACK_SIZE           
0000026d  GPIOPadConfigSet       
000003a1  SysCtlClockSet         
00000495  main                   
00000565  Lcd_Write_Char         
000005c5  Lcd_Init               
00000623  Lcd_Port               
00000679  Lcd_Cmd                
000006b9  SysCtlPeripheralReady  
000006f1  SysCtlPeripheralEnable 
00000725  _c_int00_noinit_noargs 
00000751  GPIODirModeSet         
0000077b  GPIOPinTypeGPIOOutput  
00000793  Lcd_Clear              
000007a3  GPIOPinWrite           
000007a9  ResetISR               
000007af  SysCtlDelay            
000007b5  _system_pre_init       
000007b9  C$$EXIT                
000007b9  abort                  
20000000  __stack                
20000000  __start___llvm_prf_cnts
20000000  __stop___llvm_prf_cnts 
20000200  __STACK_END            
20000200  __STACK_TOP            
ffffffff  __TI_pprof_out_hndl    
ffffffff  __TI_prof_data_size    
ffffffff  __TI_prof_data_start   
ffffffff  __binit__              
ffffffff  __c_args__             
ffffffff  binit                  
UNDEFED   __mpu_init             

[34 symbols]
