******************************************************************************
                  TI ARM Linker PC v20.2.5                     
******************************************************************************
>> Linked Thu Dec 14 14:39:17 2023

OUTPUT FILE NAME:   <blinky.out>
ENTRY POINT SYMBOL: "_c_int00_noargs"  address: 00000b2d


MEMORY CONFIGURATION

         name            origin    length      used     unused   attr    fill
----------------------  --------  ---------  --------  --------  ----  --------
  FLASH                 00000000   00040000  00000f82  0003f07e  R  X
  SRAM                  20000000   00008000  0000046c  00007b94  RW X


SEGMENT ALLOCATION MAP

run origin  load origin   length   init length attrs members
----------  ----------- ---------- ----------- ----- -------
00000000    00000000    00000f84   00000f84    r-x
  00000000    00000000    0000026c   0000026c    r-- .intvecs
  0000026c    0000026c    00000a6a   00000a6a    r-x .text
  00000cd8    00000cd8    00000298   00000298    r-- .const
  00000f70    00000f70    00000014   00000014    r-- .cinit
20000000    20000000    00000470   00000000    rw-
  20000000    20000000    0000026c   00000000    rw- .vtable
  20000270    20000270    00000200   00000000    rw- .stack


SECTION ALLOCATION MAP

 output                                  attributes/
section   page    origin      length       input sections
--------  ----  ----------  ----------   ----------------
.intvecs   0    00000000    0000026c     
                  00000000    0000026c     startup_ccs.obj (.intvecs)

.text      0    0000026c    00000a6a     
                  0000026c    000001d4     blinky.obj (.text:main)
                  00000440    00000140     blinky.obj (.text:PortBIntHandler)
                  00000580    00000132     driverlib.lib : gpio.obj (.text:GPIOPadConfigSet)
                  000006b2    00000002     startup_ccs.obj (.text:FaultISR)
                  000006b4    000000f4     driverlib.lib : sysctl.obj (.text:SysCtlClockSet)
                  000007a8    00000068                   : interrupt.obj (.text:IntEnable)
                  00000810    00000060     LCD.obj (.text:Lcd_Write_Char)
                  00000870    0000005e     LCD.obj (.text:Lcd_Init)
                  000008ce    00000056     driverlib.lib : gpio.obj (.text:GPIOIntTypeSet)
                  00000924    00000056     LCD.obj (.text:Lcd_Port)
                  0000097a    00000002     startup_ccs.obj (.text:IntDefaultHandler)
                  0000097c    00000048     driverlib.lib : gpio.obj (.text:GPIOPinConfigure)
                  000009c4    00000044                   : gpio.obj (.text:_GPIOIntNumberGet)
                  00000a08    00000044     rtsv7M4_T_le_v4SPD16_eabi.lib : autoinit.c.obj (.text:__TI_auto_init_nobinit_nopinit:__TI_auto_init_nobinit_nopinit)
                  00000a4c    00000040     LCD.obj (.text:Lcd_Cmd)
                  00000a8c    00000038     driverlib.lib : sysctl.obj (.text:SysCtlPeripheralReady)
                  00000ac4    00000034                   : interrupt.obj (.text:IntRegister)
                  00000af8    00000034                   : sysctl.obj (.text:SysCtlPeripheralEnable)
                  00000b2c    00000034     rtsv7M4_T_le_v4SPD16_eabi.lib : boot_cortex_m.c.obj (.text:_c_int00_noargs:_c_int00_noargs)
                  00000b60    0000002a     driverlib.lib : gpio.obj (.text:GPIODirModeSet)
                  00000b8a    00000022     blinky.obj (.text:PWMGenConfigure)
                  00000bac    0000001e     blinky.obj (.text:PWMPulseWidthSet)
                  00000bca    0000001c     rtsv7M4_T_le_v4SPD16_eabi.lib : copy_zero_init.c.obj (.text:decompress:ZI:__TI_zero_init_nomemset:__TI_zero_init_nomemset)
                  00000be6    00000018     driverlib.lib : gpio.obj (.text:GPIOIntRegister)
                  00000bfe    00000018                   : gpio.obj (.text:GPIOPinTypeGPIOOutput)
                  00000c16    00000012                   : gpio.obj (.text:GPIOPinTypeGPIOInput)
                  00000c28    00000012                   : gpio.obj (.text:GPIOPinTypePWM)
                  00000c3a    00000012     blinky.obj (.text:PWMOutputState)
                  00000c4c    00000010     driverlib.lib : interrupt.obj (.text:IntMasterEnable)
                  00000c5c    00000010     LCD.obj (.text:Lcd_Clear)
                  00000c6c    00000010     blinky.obj (.text:PWMGenPeriodSet)
                  00000c7c    0000000e     driverlib.lib : gpio.obj (.text:GPIOIntStatus)
                  00000c8a    0000000c                   : cpu.obj (.text:CPUcpsie)
                  00000c96    0000000c                   : gpio.obj (.text:GPIOIntEnable)
                  00000ca2    0000000c     blinky.obj (.text:PWMGenEnable)
                  00000cae    00000006     driverlib.lib : gpio.obj (.text:GPIOIntClear)
                  00000cb4    00000006                   : gpio.obj (.text:GPIOPinRead)
                  00000cba    00000006                   : gpio.obj (.text:GPIOPinWrite)
                  00000cc0    00000006     startup_ccs.obj (.text:ResetISR)
                  00000cc6    00000006     driverlib.lib : sysctl.obj (.text:SysCtlDelay)
                  00000ccc    00000004     rtsv7M4_T_le_v4SPD16_eabi.lib : pre_init.c.obj (.text:_system_pre_init)
                  00000cd0    00000004                                   : exit.c.obj (.text:abort:abort)
                  00000cd4    00000002     startup_ccs.obj (.text:NmiSR)

.const     0    00000cd8    00000298     
                  00000cd8    000000d8     driverlib.lib : gpio.obj (.const:g_ppui32GPIOIntMapSnowflake)
                  00000db0    000000c0                   : gpio.obj (.const:g_ppui32GPIOIntMapBlizzard)
                  00000e70    00000090                   : gpio.obj (.const:g_pui32GPIOBaseAddrs)
                  00000f00    00000070                   : interrupt.obj (.const)

.cinit     0    00000f70    00000014     
                  00000f70    00000008     (.cinit..vtable.load) [load image, compression = zero_init]
                  00000f78    00000004     (__TI_handler_table)
                  00000f7c    00000008     (__TI_cinit_table)

.init_array 
*          0    00000000    00000000     UNINITIALIZED

.vtable    0    20000000    0000026c     UNINITIALIZED
                  20000000    0000026c     driverlib.lib : interrupt.obj (.vtable)

.stack     0    20000270    00000200     UNINITIALIZED
                  20000270    00000004     rtsv7M4_T_le_v4SPD16_eabi.lib : boot_cortex_m.c.obj (.stack)
                  20000274    000001fc     --HOLE--

__llvm_prf_cnts 
*          0    20000000    00000000     UNINITIALIZED

MODULE SUMMARY

       Module                 code   ro data   rw data
       ------                 ----   -------   -------
    .\
       blinky.obj             898    0         0      
       startup_ccs.obj        12     620       0      
       LCD.obj                356    0         0      
    +--+----------------------+------+---------+---------+
       Total:                 1266   620       0      
                                                      
    C:/ti/ccs1100/tivaware_c_series_2_1_4_178/driverlib/ccs/Debug/driverlib.lib
       gpio.obj               702    552       0      
       interrupt.obj          172    112       620    
       sysctl.obj             358    0         0      
       cpu.obj                12     0         0      
    +--+----------------------+------+---------+---------+
       Total:                 1244   664       620    
                                                      
    C:\ti\ccs1100\ccs\tools\compiler\ti-cgt-arm_20.2.5.LTS\lib\rtsv7M4_T_le_v4SPD16_eabi.lib
       autoinit.c.obj         68     0         0      
       boot_cortex_m.c.obj    52     0         0      
       copy_zero_init.c.obj   28     0         0      
       exit.c.obj             4      0         0      
       pre_init.c.obj         4      0         0      
    +--+----------------------+------+---------+---------+
       Total:                 156    0         0      
                                                      
       Stack:                 0      0         512    
       Linker Generated:      0      20        0      
    +--+----------------------+------+---------+---------+
       Grand Total:           2666   1304      1132   


LINKER GENERATED COPY TABLES

__TI_cinit_table @ 00000f7c records: 1, size/record: 8, table size: 8
	.vtable: load addr=00000f70, load size=00000008 bytes, run addr=20000000, run size=0000026c bytes, compression=zero_init


LINKER GENERATED HANDLER TABLE

__TI_handler_table @ 00000f78 records: 1, size/record: 4, table size: 4
	index: 0, handler: __TI_zero_init


GLOBAL SYMBOLS: SORTED ALPHABETICALLY BY Name 

address   name                          
-------   ----                          
00000cd1  C$$EXIT                       
00000c8b  CPUcpsie                      
00000b61  GPIODirModeSet                
00000caf  GPIOIntClear                  
00000c97  GPIOIntEnable                 
00000be7  GPIOIntRegister               
00000c7d  GPIOIntStatus                 
000008cf  GPIOIntTypeSet                
00000581  GPIOPadConfigSet              
0000097d  GPIOPinConfigure              
00000cb5  GPIOPinRead                   
00000c17  GPIOPinTypeGPIOInput          
00000bff  GPIOPinTypeGPIOOutput         
00000c29  GPIOPinTypePWM                
00000cbb  GPIOPinWrite                  
000007a9  IntEnable                     
00000c4d  IntMasterEnable               
00000ac5  IntRegister                   
00000c5d  Lcd_Clear                     
00000a4d  Lcd_Cmd                       
00000871  Lcd_Init                      
00000925  Lcd_Port                      
00000811  Lcd_Write_Char                
00000b8b  PWMGenConfigure               
00000ca3  PWMGenEnable                  
00000c6d  PWMGenPeriodSet               
00000c3b  PWMOutputState                
00000bad  PWMPulseWidthSet              
00000441  PortBIntHandler               
00000cc1  ResetISR                      
000006b5  SysCtlClockSet                
00000cc7  SysCtlDelay                   
00000af9  SysCtlPeripheralEnable        
00000a8d  SysCtlPeripheralReady         
20000470  __STACK_END                   
00000200  __STACK_SIZE                  
20000470  __STACK_TOP                   
00000f7c  __TI_CINIT_Base               
00000f84  __TI_CINIT_Limit              
00000f78  __TI_Handler_Table_Base       
00000f7c  __TI_Handler_Table_Limit      
00000a09  __TI_auto_init_nobinit_nopinit
ffffffff  __TI_pprof_out_hndl           
ffffffff  __TI_prof_data_size           
ffffffff  __TI_prof_data_start          
00000000  __TI_static_base__            
00000bcb  __TI_zero_init_nomemset       
ffffffff  __binit__                     
ffffffff  __c_args__                    
UNDEFED   __mpu_init                    
20000270  __stack                       
20000000  __start___llvm_prf_cnts       
20000000  __stop___llvm_prf_cnts        
00000b2d  _c_int00_noargs               
UNDEFED   _system_post_cinit            
00000ccd  _system_pre_init              
00000cd1  abort                         
ffffffff  binit                         
20000000  g_pfnRAMVectors               
00000000  g_pfnVectors                  
0000026d  main                          


GLOBAL SYMBOLS: SORTED BY Symbol Address 

address   name                          
-------   ----                          
00000000  __TI_static_base__            
00000000  g_pfnVectors                  
00000200  __STACK_SIZE                  
0000026d  main                          
00000441  PortBIntHandler               
00000581  GPIOPadConfigSet              
000006b5  SysCtlClockSet                
000007a9  IntEnable                     
00000811  Lcd_Write_Char                
00000871  Lcd_Init                      
000008cf  GPIOIntTypeSet                
00000925  Lcd_Port                      
0000097d  GPIOPinConfigure              
00000a09  __TI_auto_init_nobinit_nopinit
00000a4d  Lcd_Cmd                       
00000a8d  SysCtlPeripheralReady         
00000ac5  IntRegister                   
00000af9  SysCtlPeripheralEnable        
00000b2d  _c_int00_noargs               
00000b61  GPIODirModeSet                
00000b8b  PWMGenConfigure               
00000bad  PWMPulseWidthSet              
00000bcb  __TI_zero_init_nomemset       
00000be7  GPIOIntRegister               
00000bff  GPIOPinTypeGPIOOutput         
00000c17  GPIOPinTypeGPIOInput          
00000c29  GPIOPinTypePWM                
00000c3b  PWMOutputState                
00000c4d  IntMasterEnable               
00000c5d  Lcd_Clear                     
00000c6d  PWMGenPeriodSet               
00000c7d  GPIOIntStatus                 
00000c8b  CPUcpsie                      
00000c97  GPIOIntEnable                 
00000ca3  PWMGenEnable                  
00000caf  GPIOIntClear                  
00000cb5  GPIOPinRead                   
00000cbb  GPIOPinWrite                  
00000cc1  ResetISR                      
00000cc7  SysCtlDelay                   
00000ccd  _system_pre_init              
00000cd1  C$$EXIT                       
00000cd1  abort                         
00000f78  __TI_Handler_Table_Base       
00000f7c  __TI_CINIT_Base               
00000f7c  __TI_Handler_Table_Limit      
00000f84  __TI_CINIT_Limit              
20000000  __start___llvm_prf_cnts       
20000000  __stop___llvm_prf_cnts        
20000000  g_pfnRAMVectors               
20000270  __stack                       
20000470  __STACK_END                   
20000470  __STACK_TOP                   
ffffffff  __TI_pprof_out_hndl           
ffffffff  __TI_prof_data_size           
ffffffff  __TI_prof_data_start          
ffffffff  __binit__                     
ffffffff  __c_args__                    
ffffffff  binit                         
UNDEFED   __mpu_init                    
UNDEFED   _system_post_cinit            

[61 symbols]
