******************************************************************************
                  TI ARM Linker PC v20.2.5                     
******************************************************************************
>> Linked Wed Dec 20 19:30:44 2023

OUTPUT FILE NAME:   <blinky.out>
ENTRY POINT SYMBOL: "_c_int00_noargs"  address: 000011c9


MEMORY CONFIGURATION

         name            origin    length      used     unused   attr    fill
----------------------  --------  ---------  --------  --------  ----  --------
  FLASH                 00000000   00040000  000016d2  0003e92e  R  X
  SRAM                  20000000   00008000  0000046c  00007b94  RW X


SEGMENT ALLOCATION MAP

run origin  load origin   length   init length attrs members
----------  ----------- ---------- ----------- ----- -------
00000000    00000000    000016d4   000016d4    r-x
  00000000    00000000    0000026c   0000026c    r-- .intvecs
  0000026c    0000026c    0000114e   0000114e    r-x .text
  000013bc    000013bc    00000304   00000304    r-- .const
  000016c0    000016c0    00000014   00000014    r-- .cinit
20000000    20000000    00000470   00000000    rw-
  20000000    20000000    0000026c   00000000    rw- .vtable
  20000270    20000270    00000200   00000000    rw- .stack


SECTION ALLOCATION MAP

 output                                  attributes/
section   page    origin      length       input sections
--------  ----  ----------  ----------   ----------------
.intvecs   0    00000000    0000026c     
                  00000000    0000026c     startup_ccs.obj (.intvecs)

.text      0    0000026c    0000114e     
                  0000026c    0000029c     blinky.obj (.text:main)
                  00000508    000001b6     rtsv7M4_T_le_v4SPD16_eabi.lib : fd_add_t2.asm.obj (.text)
                  000006be    00000002     startup_ccs.obj (.text:FaultISR)
                  000006c0    00000140     blinky.obj (.text:PortBIntHandler)
                  00000800    00000132     driverlib.lib : gpio.obj (.text:GPIOPadConfigSet)
                  00000932    00000002     startup_ccs.obj (.text:IntDefaultHandler)
                  00000934    00000110     driverlib.lib : sysctl.obj (.text:SysCtlClockGet)
                  00000a44    000000fc     rtsv7M4_T_le_v4SPD16_eabi.lib : fd_mul_t2.asm.obj (.text)
                  00000b40    000000f4     driverlib.lib : sysctl.obj (.text:SysCtlClockSet)
                  00000c34    000000cc     blinky.obj (.text:i2c_get_temp)
                  00000d00    0000006e     rtsv7M4_T_le_v4SPD16_eabi.lib : fd_tos_t2.asm.obj (.text)
                  00000d6e    00000002     startup_ccs.obj (.text:NmiSR)
                  00000d70    00000068     driverlib.lib : interrupt.obj (.text:IntEnable)
                  00000dd8    00000060     LCD.obj (.text:Lcd_Write_Char)
                  00000e38    0000005e     LCD.obj (.text:Lcd_Init)
                  00000e96    00000056     driverlib.lib : gpio.obj (.text:GPIOIntTypeSet)
                  00000eec    00000056     LCD.obj (.text:Lcd_Port)
                  00000f42    00000002     --HOLE-- [fill = 0]
                  00000f44    00000050     driverlib.lib : sysctl.obj (.text:SysCtlPeripheralReset)
                  00000f94    0000004c                   : i2c.obj (.text:I2CMasterInitExpClk)
                  00000fe0    00000048                   : gpio.obj (.text:GPIOPinConfigure)
                  00001028    00000044                   : gpio.obj (.text:_GPIOIntNumberGet)
                  0000106c    00000044     rtsv7M4_T_le_v4SPD16_eabi.lib : autoinit.c.obj (.text:__TI_auto_init_nobinit_nopinit:__TI_auto_init_nobinit_nopinit)
                  000010b0    00000040     LCD.obj (.text:Lcd_Cmd)
                  000010f0    00000038     driverlib.lib : sysctl.obj (.text:SysCtlPeripheralReady)
                  00001128    00000038     rtsv7M4_T_le_v4SPD16_eabi.lib : fs_tod_t2.asm.obj (.text)
                  00001160    00000034     driverlib.lib : interrupt.obj (.text:IntRegister)
                  00001194    00000034                   : sysctl.obj (.text:SysCtlPeripheralEnable)
                  000011c8    00000034     rtsv7M4_T_le_v4SPD16_eabi.lib : boot_cortex_m.c.obj (.text:_c_int00_noargs:_c_int00_noargs)
                  000011fc    0000002a     driverlib.lib : gpio.obj (.text:GPIODirModeSet)
                  00001226    00000022     blinky.obj (.text:PWMGenConfigure)
                  00001248    0000001e     blinky.obj (.text:PWMPulseWidthSet)
                  00001266    0000001c     rtsv7M4_T_le_v4SPD16_eabi.lib : copy_zero_init.c.obj (.text:decompress:ZI:__TI_zero_init_nomemset:__TI_zero_init_nomemset)
                  00001282    00000018     driverlib.lib : gpio.obj (.text:GPIOIntRegister)
                  0000129a    00000018                   : gpio.obj (.text:GPIOPinTypeGPIOOutput)
                  000012b2    00000012                   : gpio.obj (.text:GPIOPinTypeGPIOInput)
                  000012c4    00000012                   : gpio.obj (.text:GPIOPinTypeI2C)
                  000012d6    00000012                   : gpio.obj (.text:GPIOPinTypeI2CSCL)
                  000012e8    00000012                   : gpio.obj (.text:GPIOPinTypePWM)
                  000012fa    00000012     blinky.obj (.text:PWMOutputState)
                  0000130c    00000010     driverlib.lib : interrupt.obj (.text:IntMasterEnable)
                  0000131c    00000010     LCD.obj (.text:Lcd_Clear)
                  0000132c    00000010     blinky.obj (.text:PWMGenPeriodSet)
                  0000133c    0000000e     driverlib.lib : gpio.obj (.text:GPIOIntStatus)
                  0000134a    0000000c                   : cpu.obj (.text:CPUcpsie)
                  00001356    0000000c                   : gpio.obj (.text:GPIOIntEnable)
                  00001362    0000000c     blinky.obj (.text:PWMGenEnable)
                  0000136e    0000000a     driverlib.lib : i2c.obj (.text:I2CMasterEnable)
                  00001378    00000008                   : i2c.obj (.text:I2CMasterBusBusy)
                  00001380    00000008                   : i2c.obj (.text:I2CMasterSlaveAddrSet)
                  00001388    00000006                   : gpio.obj (.text:GPIOIntClear)
                  0000138e    00000006                   : gpio.obj (.text:GPIOPinRead)
                  00001394    00000006                   : gpio.obj (.text:GPIOPinWrite)
                  0000139a    00000006     startup_ccs.obj (.text:ResetISR)
                  000013a0    00000006     driverlib.lib : sysctl.obj (.text:SysCtlDelay)
                  000013a6    00000004                   : i2c.obj (.text:I2CMasterControl)
                  000013aa    00000004                   : i2c.obj (.text:I2CMasterDataGet)
                  000013ae    00000004                   : i2c.obj (.text:I2CMasterDataPut)
                  000013b2    00000004     rtsv7M4_T_le_v4SPD16_eabi.lib : pre_init.c.obj (.text:_system_pre_init)
                  000013b6    00000004                                   : exit.c.obj (.text:abort:abort)

.const     0    000013bc    00000304     
                  000013bc    000000d8     driverlib.lib : gpio.obj (.const:g_ppui32GPIOIntMapSnowflake)
                  00001494    000000c0                   : gpio.obj (.const:g_ppui32GPIOIntMapBlizzard)
                  00001554    00000090                   : gpio.obj (.const:g_pui32GPIOBaseAddrs)
                  000015e4    00000070                   : interrupt.obj (.const)
                  00001654    0000006c                   : sysctl.obj (.const:g_pui32Xtals)

.cinit     0    000016c0    00000014     
                  000016c0    00000008     (.cinit..vtable.load) [load image, compression = zero_init]
                  000016c8    00000004     (__TI_handler_table)
                  000016cc    00000008     (__TI_cinit_table)

.init_array 
*          0    00000000    00000000     UNINITIALIZED

.vtable    0    20000000    0000026c     UNINITIALIZED
                  20000000    0000026c     driverlib.lib : interrupt.obj (.vtable)

.stack     0    20000270    00000200     UNINITIALIZED
                  20000270    00000004     rtsv7M4_T_le_v4SPD16_eabi.lib : boot_cortex_m.c.obj (.stack)
                  20000274    000001fc     --HOLE--

__llvm_prf_cnts 
*          0    20000000    00000000     UNINITIALIZED

MODULE SUMMARY

       Module                 code   ro data   rw data
       ------                 ----   -------   -------
    .\
       blinky.obj             1302   0         0      
       startup_ccs.obj        12     620       0      
       LCD.obj                356    0         0      
    +--+----------------------+------+---------+---------+
       Total:                 1670   620       0      
                                                      
    C:/ti/ccs1100/tivaware_c_series_2_1_4_178/driverlib/ccs/Debug/driverlib.lib
       gpio.obj               738    552       0      
       interrupt.obj          172    112       620    
       sysctl.obj             710    108       0      
       i2c.obj                114    0         0      
       cpu.obj                12     0         0      
    +--+----------------------+------+---------+---------+
       Total:                 1746   772       620    
                                                      
    C:\ti\ccs1100\ccs\tools\compiler\ti-cgt-arm_20.2.5.LTS\lib\rtsv7M4_T_le_v4SPD16_eabi.lib
       fd_add_t2.asm.obj      438    0         0      
       fd_mul_t2.asm.obj      252    0         0      
       fd_tos_t2.asm.obj      110    0         0      
       autoinit.c.obj         68     0         0      
       fs_tod_t2.asm.obj      56     0         0      
       boot_cortex_m.c.obj    52     0         0      
       copy_zero_init.c.obj   28     0         0      
       exit.c.obj             4      0         0      
       pre_init.c.obj         4      0         0      
    +--+----------------------+------+---------+---------+
       Total:                 1012   0         0      
                                                      
       Stack:                 0      0         512    
       Linker Generated:      0      20        0      
    +--+----------------------+------+---------+---------+
       Grand Total:           4428   1412      1132   


LINKER GENERATED COPY TABLES

__TI_cinit_table @ 000016cc records: 1, size/record: 8, table size: 8
	.vtable: load addr=000016c0, load size=00000008 bytes, run addr=20000000, run size=0000026c bytes, compression=zero_init


LINKER GENERATED HANDLER TABLE

__TI_handler_table @ 000016c8 records: 1, size/record: 4, table size: 4
	index: 0, handler: __TI_zero_init


GLOBAL SYMBOLS: SORTED ALPHABETICALLY BY Name 

address   name                          
-------   ----                          
000013b7  C$$EXIT                       
0000134b  CPUcpsie                      
000011fd  GPIODirModeSet                
00001389  GPIOIntClear                  
00001357  GPIOIntEnable                 
00001283  GPIOIntRegister               
0000133d  GPIOIntStatus                 
00000e97  GPIOIntTypeSet                
00000801  GPIOPadConfigSet              
00000fe1  GPIOPinConfigure              
0000138f  GPIOPinRead                   
000012b3  GPIOPinTypeGPIOInput          
0000129b  GPIOPinTypeGPIOOutput         
000012c5  GPIOPinTypeI2C                
000012d7  GPIOPinTypeI2CSCL             
000012e9  GPIOPinTypePWM                
00001395  GPIOPinWrite                  
00001379  I2CMasterBusBusy              
000013a7  I2CMasterControl              
000013ab  I2CMasterDataGet              
000013af  I2CMasterDataPut              
0000136f  I2CMasterEnable               
00000f95  I2CMasterInitExpClk           
00001381  I2CMasterSlaveAddrSet         
00000d71  IntEnable                     
0000130d  IntMasterEnable               
00001161  IntRegister                   
0000131d  Lcd_Clear                     
000010b1  Lcd_Cmd                       
00000e39  Lcd_Init                      
00000eed  Lcd_Port                      
00000dd9  Lcd_Write_Char                
00001227  PWMGenConfigure               
00001363  PWMGenEnable                  
0000132d  PWMGenPeriodSet               
000012fb  PWMOutputState                
00001249  PWMPulseWidthSet              
000006c1  PortBIntHandler               
0000139b  ResetISR                      
00000935  SysCtlClockGet                
00000b41  SysCtlClockSet                
000013a1  SysCtlDelay                   
00001195  SysCtlPeripheralEnable        
000010f1  SysCtlPeripheralReady         
00000f45  SysCtlPeripheralReset         
20000470  __STACK_END                   
00000200  __STACK_SIZE                  
20000470  __STACK_TOP                   
000016cc  __TI_CINIT_Base               
000016d4  __TI_CINIT_Limit              
000016c8  __TI_Handler_Table_Base       
000016cc  __TI_Handler_Table_Limit      
0000106d  __TI_auto_init_nobinit_nopinit
ffffffff  __TI_pprof_out_hndl           
ffffffff  __TI_prof_data_size           
ffffffff  __TI_prof_data_start          
00000000  __TI_static_base__            
00001267  __TI_zero_init_nomemset       
00000d01  __aeabi_d2f                   
00000513  __aeabi_dadd                  
00000a45  __aeabi_dmul                  
00000509  __aeabi_dsub                  
00001129  __aeabi_f2d                   
ffffffff  __binit__                     
ffffffff  __c_args__                    
UNDEFED   __mpu_init                    
20000270  __stack                       
20000000  __start___llvm_prf_cnts       
20000000  __stop___llvm_prf_cnts        
000011c9  _c_int00_noargs               
UNDEFED   _system_post_cinit            
000013b3  _system_pre_init              
000013b7  abort                         
ffffffff  binit                         
20000000  g_pfnRAMVectors               
00000000  g_pfnVectors                  
00000c35  i2c_get_temp                  
0000026d  main                          


GLOBAL SYMBOLS: SORTED BY Symbol Address 

address   name                          
-------   ----                          
00000000  __TI_static_base__            
00000000  g_pfnVectors                  
00000200  __STACK_SIZE                  
0000026d  main                          
00000509  __aeabi_dsub                  
00000513  __aeabi_dadd                  
000006c1  PortBIntHandler               
00000801  GPIOPadConfigSet              
00000935  SysCtlClockGet                
00000a45  __aeabi_dmul                  
00000b41  SysCtlClockSet                
00000c35  i2c_get_temp                  
00000d01  __aeabi_d2f                   
00000d71  IntEnable                     
00000dd9  Lcd_Write_Char                
00000e39  Lcd_Init                      
00000e97  GPIOIntTypeSet                
00000eed  Lcd_Port                      
00000f45  SysCtlPeripheralReset         
00000f95  I2CMasterInitExpClk           
00000fe1  GPIOPinConfigure              
0000106d  __TI_auto_init_nobinit_nopinit
000010b1  Lcd_Cmd                       
000010f1  SysCtlPeripheralReady         
00001129  __aeabi_f2d                   
00001161  IntRegister                   
00001195  SysCtlPeripheralEnable        
000011c9  _c_int00_noargs               
000011fd  GPIODirModeSet                
00001227  PWMGenConfigure               
00001249  PWMPulseWidthSet              
00001267  __TI_zero_init_nomemset       
00001283  GPIOIntRegister               
0000129b  GPIOPinTypeGPIOOutput         
000012b3  GPIOPinTypeGPIOInput          
000012c5  GPIOPinTypeI2C                
000012d7  GPIOPinTypeI2CSCL             
000012e9  GPIOPinTypePWM                
000012fb  PWMOutputState                
0000130d  IntMasterEnable               
0000131d  Lcd_Clear                     
0000132d  PWMGenPeriodSet               
0000133d  GPIOIntStatus                 
0000134b  CPUcpsie                      
00001357  GPIOIntEnable                 
00001363  PWMGenEnable                  
0000136f  I2CMasterEnable               
00001379  I2CMasterBusBusy              
00001381  I2CMasterSlaveAddrSet         
00001389  GPIOIntClear                  
0000138f  GPIOPinRead                   
00001395  GPIOPinWrite                  
0000139b  ResetISR                      
000013a1  SysCtlDelay                   
000013a7  I2CMasterControl              
000013ab  I2CMasterDataGet              
000013af  I2CMasterDataPut              
000013b3  _system_pre_init              
000013b7  C$$EXIT                       
000013b7  abort                         
000016c8  __TI_Handler_Table_Base       
000016cc  __TI_CINIT_Base               
000016cc  __TI_Handler_Table_Limit      
000016d4  __TI_CINIT_Limit              
20000000  __start___llvm_prf_cnts       
20000000  __stop___llvm_prf_cnts        
20000000  g_pfnRAMVectors               
20000270  __stack                       
20000470  __STACK_END                   
20000470  __STACK_TOP                   
ffffffff  __TI_pprof_out_hndl           
ffffffff  __TI_prof_data_size           
ffffffff  __TI_prof_data_start          
ffffffff  __binit__                     
ffffffff  __c_args__                    
ffffffff  binit                         
UNDEFED   __mpu_init                    
UNDEFED   _system_post_cinit            

[78 symbols]
