******************************************************************************
                  TI ARM Linker PC v20.2.5                     
******************************************************************************
>> Linked Tue Dec 12 15:51:11 2023

OUTPUT FILE NAME:   <blinky.out>
ENTRY POINT SYMBOL: "_c_int00_noargs"  address: 00000a6d


MEMORY CONFIGURATION

         name            origin    length      used     unused   attr    fill
----------------------  --------  ---------  --------  --------  ----  --------
  FLASH                 00000000   00040000  00000db2  0003f24e  R  X
  SRAM                  20000000   00008000  0000046c  00007b94  RW X


SEGMENT ALLOCATION MAP

run origin  load origin   length   init length attrs members
----------  ----------- ---------- ----------- ----- -------
00000000    00000000    00000db4   00000db4    r-x
  00000000    00000000    0000026c   0000026c    r-- .intvecs
  0000026c    0000026c    0000092a   0000092a    r-x .text
  00000b98    00000b98    00000208   00000208    r-- .const
  00000da0    00000da0    00000014   00000014    r-- .cinit
20000000    20000000    00000470   00000000    rw-
  20000000    20000000    0000026c   00000000    rw- .vtable
  20000270    20000270    00000200   00000000    rw- .stack


SECTION ALLOCATION MAP

 output                                  attributes/
section   page    origin      length       input sections
--------  ----  ----------  ----------   ----------------
.intvecs   0    00000000    0000026c     
                  00000000    0000026c     startup_ccs.obj (.intvecs)

.text      0    0000026c    0000092a     
                  0000026c    00000178     blinky.obj (.text:main)
                  000003e4    00000132     driverlib.lib : gpio.obj (.text:GPIOPadConfigSet)
                  00000516    00000002     startup_ccs.obj (.text:FaultISR)
                  00000518    00000124     blinky.obj (.text:PortBIntHandler)
                  0000063c    000000f4     driverlib.lib : sysctl.obj (.text:SysCtlClockSet)
                  00000730    00000068                   : interrupt.obj (.text:IntEnable)
                  00000798    00000060     LCD.obj (.text:Lcd_Write_Char)
                  000007f8    0000005e     LCD.obj (.text:Lcd_Init)
                  00000856    00000056     driverlib.lib : gpio.obj (.text:GPIOIntTypeSet)
                  000008ac    00000056     LCD.obj (.text:Lcd_Port)
                  00000902    00000002     startup_ccs.obj (.text:IntDefaultHandler)
                  00000904    00000044     driverlib.lib : gpio.obj (.text:_GPIOIntNumberGet)
                  00000948    00000044     rtsv7M4_T_le_v4SPD16_eabi.lib : autoinit.c.obj (.text:__TI_auto_init_nobinit_nopinit:__TI_auto_init_nobinit_nopinit)
                  0000098c    00000040     LCD.obj (.text:Lcd_Cmd)
                  000009cc    00000038     driverlib.lib : sysctl.obj (.text:SysCtlPeripheralReady)
                  00000a04    00000034                   : interrupt.obj (.text:IntRegister)
                  00000a38    00000034                   : sysctl.obj (.text:SysCtlPeripheralEnable)
                  00000a6c    00000034     rtsv7M4_T_le_v4SPD16_eabi.lib : boot_cortex_m.c.obj (.text:_c_int00_noargs:_c_int00_noargs)
                  00000aa0    0000002a     driverlib.lib : gpio.obj (.text:GPIODirModeSet)
                  00000aca    0000001c     rtsv7M4_T_le_v4SPD16_eabi.lib : copy_zero_init.c.obj (.text:decompress:ZI:__TI_zero_init_nomemset:__TI_zero_init_nomemset)
                  00000ae6    00000018     driverlib.lib : gpio.obj (.text:GPIOIntRegister)
                  00000afe    00000018                   : gpio.obj (.text:GPIOPinTypeGPIOOutput)
                  00000b16    00000012                   : gpio.obj (.text:GPIOPinTypeGPIOInput)
                  00000b28    00000010                   : interrupt.obj (.text:IntMasterEnable)
                  00000b38    00000010     LCD.obj (.text:Lcd_Clear)
                  00000b48    0000000e     driverlib.lib : gpio.obj (.text:GPIOIntStatus)
                  00000b56    0000000c                   : cpu.obj (.text:CPUcpsie)
                  00000b62    0000000c                   : gpio.obj (.text:GPIOIntEnable)
                  00000b6e    00000006                   : gpio.obj (.text:GPIOIntClear)
                  00000b74    00000006                   : gpio.obj (.text:GPIOPinRead)
                  00000b7a    00000006                   : gpio.obj (.text:GPIOPinWrite)
                  00000b80    00000006     startup_ccs.obj (.text:ResetISR)
                  00000b86    00000006     driverlib.lib : sysctl.obj (.text:SysCtlDelay)
                  00000b8c    00000004     rtsv7M4_T_le_v4SPD16_eabi.lib : pre_init.c.obj (.text:_system_pre_init)
                  00000b90    00000004                                   : exit.c.obj (.text:abort:abort)
                  00000b94    00000002     startup_ccs.obj (.text:NmiSR)

.const     0    00000b98    00000208     
                  00000b98    000000d8     driverlib.lib : gpio.obj (.const:g_ppui32GPIOIntMapSnowflake)
                  00000c70    000000c0                   : gpio.obj (.const:g_ppui32GPIOIntMapBlizzard)
                  00000d30    00000070                   : interrupt.obj (.const)

.cinit     0    00000da0    00000014     
                  00000da0    00000008     (.cinit..vtable.load) [load image, compression = zero_init]
                  00000da8    00000004     (__TI_handler_table)
                  00000dac    00000008     (__TI_cinit_table)

.init_array 
*          0    00000000    00000000     UNINITIALIZED

.vtable    0    20000000    0000026c     UNINITIALIZED
                  20000000    0000026c     driverlib.lib : interrupt.obj (.vtable)

.stack     0    20000270    00000200     UNINITIALIZED
                  20000270    00000004     rtsv7M4_T_le_v4SPD16_eabi.lib : boot_cortex_m.c.obj (.stack)
                  20000274    000001fc     --HOLE--

__llvm_prf_cnts 
*          0    20000000    00000000     UNINITIALIZED

MODULE SUMMARY

       Module                 code   ro data   rw data
       ------                 ----   -------   -------
    .\
       blinky.obj             668    0         0      
       startup_ccs.obj        12     620       0      
       LCD.obj                356    0         0      
    +--+----------------------+------+---------+---------+
       Total:                 1036   620       0      
                                                      
    C:/ti/ccs1100/tivaware_c_series_2_1_4_178/driverlib/ccs/Debug/driverlib.lib
       gpio.obj               612    408       0      
       interrupt.obj          172    112       620    
       sysctl.obj             358    0         0      
       cpu.obj                12     0         0      
    +--+----------------------+------+---------+---------+
       Total:                 1154   520       620    
                                                      
    C:\ti\ccs1100\ccs\tools\compiler\ti-cgt-arm_20.2.5.LTS\lib\rtsv7M4_T_le_v4SPD16_eabi.lib
       autoinit.c.obj         68     0         0      
       boot_cortex_m.c.obj    52     0         0      
       copy_zero_init.c.obj   28     0         0      
       exit.c.obj             4      0         0      
       pre_init.c.obj         4      0         0      
    +--+----------------------+------+---------+---------+
       Total:                 156    0         0      
                                                      
       Stack:                 0      0         512    
       Linker Generated:      0      20        0      
    +--+----------------------+------+---------+---------+
       Grand Total:           2346   1160      1132   


LINKER GENERATED COPY TABLES

__TI_cinit_table @ 00000dac records: 1, size/record: 8, table size: 8
	.vtable: load addr=00000da0, load size=00000008 bytes, run addr=20000000, run size=0000026c bytes, compression=zero_init


LINKER GENERATED HANDLER TABLE

__TI_handler_table @ 00000da8 records: 1, size/record: 4, table size: 4
	index: 0, handler: __TI_zero_init


GLOBAL SYMBOLS: SORTED ALPHABETICALLY BY Name 

address   name                          
-------   ----                          
00000b91  C$$EXIT                       
00000b57  CPUcpsie                      
00000aa1  GPIODirModeSet                
00000b6f  GPIOIntClear                  
00000b63  GPIOIntEnable                 
00000ae7  GPIOIntRegister               
00000b49  GPIOIntStatus                 
00000857  GPIOIntTypeSet                
000003e5  GPIOPadConfigSet              
00000b75  GPIOPinRead                   
00000b17  GPIOPinTypeGPIOInput          
00000aff  GPIOPinTypeGPIOOutput         
00000b7b  GPIOPinWrite                  
00000731  IntEnable                     
00000b29  IntMasterEnable               
00000a05  IntRegister                   
00000b39  Lcd_Clear                     
0000098d  Lcd_Cmd                       
000007f9  Lcd_Init                      
000008ad  Lcd_Port                      
00000799  Lcd_Write_Char                
00000519  PortBIntHandler               
00000b81  ResetISR                      
0000063d  SysCtlClockSet                
00000b87  SysCtlDelay                   
00000a39  SysCtlPeripheralEnable        
000009cd  SysCtlPeripheralReady         
20000470  __STACK_END                   
00000200  __STACK_SIZE                  
20000470  __STACK_TOP                   
00000dac  __TI_CINIT_Base               
00000db4  __TI_CINIT_Limit              
00000da8  __TI_Handler_Table_Base       
00000dac  __TI_Handler_Table_Limit      
00000949  __TI_auto_init_nobinit_nopinit
ffffffff  __TI_pprof_out_hndl           
ffffffff  __TI_prof_data_size           
ffffffff  __TI_prof_data_start          
00000000  __TI_static_base__            
00000acb  __TI_zero_init_nomemset       
ffffffff  __binit__                     
ffffffff  __c_args__                    
UNDEFED   __mpu_init                    
20000270  __stack                       
20000000  __start___llvm_prf_cnts       
20000000  __stop___llvm_prf_cnts        
00000a6d  _c_int00_noargs               
UNDEFED   _system_post_cinit            
00000b8d  _system_pre_init              
00000b91  abort                         
ffffffff  binit                         
20000000  g_pfnRAMVectors               
00000000  g_pfnVectors                  
0000026d  main                          


GLOBAL SYMBOLS: SORTED BY Symbol Address 

address   name                          
-------   ----                          
00000000  __TI_static_base__            
00000000  g_pfnVectors                  
00000200  __STACK_SIZE                  
0000026d  main                          
000003e5  GPIOPadConfigSet              
00000519  PortBIntHandler               
0000063d  SysCtlClockSet                
00000731  IntEnable                     
00000799  Lcd_Write_Char                
000007f9  Lcd_Init                      
00000857  GPIOIntTypeSet                
000008ad  Lcd_Port                      
00000949  __TI_auto_init_nobinit_nopinit
0000098d  Lcd_Cmd                       
000009cd  SysCtlPeripheralReady         
00000a05  IntRegister                   
00000a39  SysCtlPeripheralEnable        
00000a6d  _c_int00_noargs               
00000aa1  GPIODirModeSet                
00000acb  __TI_zero_init_nomemset       
00000ae7  GPIOIntRegister               
00000aff  GPIOPinTypeGPIOOutput         
00000b17  GPIOPinTypeGPIOInput          
00000b29  IntMasterEnable               
00000b39  Lcd_Clear                     
00000b49  GPIOIntStatus                 
00000b57  CPUcpsie                      
00000b63  GPIOIntEnable                 
00000b6f  GPIOIntClear                  
00000b75  GPIOPinRead                   
00000b7b  GPIOPinWrite                  
00000b81  ResetISR                      
00000b87  SysCtlDelay                   
00000b8d  _system_pre_init              
00000b91  C$$EXIT                       
00000b91  abort                         
00000da8  __TI_Handler_Table_Base       
00000dac  __TI_CINIT_Base               
00000dac  __TI_Handler_Table_Limit      
00000db4  __TI_CINIT_Limit              
20000000  __start___llvm_prf_cnts       
20000000  __stop___llvm_prf_cnts        
20000000  g_pfnRAMVectors               
20000270  __stack                       
20000470  __STACK_END                   
20000470  __STACK_TOP                   
ffffffff  __TI_pprof_out_hndl           
ffffffff  __TI_prof_data_size           
ffffffff  __TI_prof_data_start          
ffffffff  __binit__                     
ffffffff  __c_args__                    
ffffffff  binit                         
UNDEFED   __mpu_init                    
UNDEFED   _system_post_cinit            

[54 symbols]
