******************************************************************************
                  TI ARM Linker PC v20.2.5                     
******************************************************************************
>> Linked Thu Dec 21 16:44:47 2023

OUTPUT FILE NAME:   <blinky.out>
ENTRY POINT SYMBOL: "_c_int00_noargs"  address: 00002205


MEMORY CONFIGURATION

         name            origin    length      used     unused   attr    fill
----------------------  --------  ---------  --------  --------  ----  --------
  FLASH                 00000000   00040000  000027f6  0003d80a  R  X
  SRAM                  20000000   00008000  00000470  00007b90  RW X


SEGMENT ALLOCATION MAP

run origin  load origin   length   init length attrs members
----------  ----------- ---------- ----------- ----- -------
00000000    00000000    000027f8   000027f8    r-x
  00000000    00000000    0000026c   0000026c    r-- .intvecs
  0000026c    0000026c    00002222   00002222    r-x .text
  00002490    00002490    00000338   00000338    r-- .const
  000027c8    000027c8    00000030   00000030    r-- .cinit
20000000    20000000    00000470   00000000    rw-
  20000000    20000000    0000026c   00000000    rw- .vtable
  2000026c    2000026c    00000004   00000000    rw- .data
  20000270    20000270    00000200   00000000    rw- .stack


SECTION ALLOCATION MAP

 output                                  attributes/
section   page    origin      length       input sections
--------  ----  ----------  ----------   ----------------
.intvecs   0    00000000    0000026c     
                  00000000    0000026c     startup_ccs.obj (.intvecs)

.text      0    0000026c    00002222     
                  0000026c    000009d0     rtsv7M4_T_le_v4SPD16_eabi.lib : e_pow.c.obj (.text:pow)
                  00000c3c    00000290     blinky.obj (.text:main)
                  00000ecc    000001b6     rtsv7M4_T_le_v4SPD16_eabi.lib : fd_add_t2.asm.obj (.text)
                  00001082    00000002     startup_ccs.obj (.text:FaultISR)
                  00001084    00000158     rtsv7M4_T_le_v4SPD16_eabi.lib : e_sqrt.c.obj (.text:sqrt)
                  000011dc    00000140     blinky.obj (.text:PortBIntHandler)
                  0000131c    00000136     rtsv7M4_T_le_v4SPD16_eabi.lib : fd_div_t2.asm.obj (.text)
                  00001452    00000132     driverlib.lib : gpio.obj (.text:GPIOPadConfigSet)
                  00001584    00000110                   : sysctl.obj (.text:SysCtlClockGet)
                  00001694    00000110     rtsv7M4_T_le_v4SPD16_eabi.lib : s_scalbn.c.obj (.text:scalbn)
                  000017a4    000000fc                                   : fd_mul_t2.asm.obj (.text)
                  000018a0    000000f4     driverlib.lib : sysctl.obj (.text:SysCtlClockSet)
                  00001994    000000cc     blinky.obj (.text:i2c_get_temp)
                  00001a60    0000009c     rtsv7M4_T_le_v4SPD16_eabi.lib : memcpy_t2.asm.obj (.text)
                  00001afc    00000086                                   : fd_cmp_t2.asm.obj (.text:__aeabi_cdcmple)
                  00001b82    00000086                                   : fd_cmp_t2.asm.obj (.text:__aeabi_cdrcmple)
                  00001c08    00000084     blinky.obj (.text:ftoa)
                  00001c8c    0000006e     rtsv7M4_T_le_v4SPD16_eabi.lib : fd_tos_t2.asm.obj (.text)
                  00001cfa    00000002     startup_ccs.obj (.text:IntDefaultHandler)
                  00001cfc    00000068     driverlib.lib : interrupt.obj (.text:IntEnable)
                  00001d64    00000068     rtsv7M4_T_le_v4SPD16_eabi.lib : copy_decompress_lzss.c.obj (.text:decompress:lzss:__TI_decompress_lzss)
                  00001dcc    00000060     LCD.obj (.text:Lcd_Write_Char)
                  00001e2c    0000005e     LCD.obj (.text:Lcd_Init)
                  00001e8a    00000056     driverlib.lib : gpio.obj (.text:GPIOIntTypeSet)
                  00001ee0    00000056     LCD.obj (.text:Lcd_Port)
                  00001f36    00000002     startup_ccs.obj (.text:NmiSR)
                  00001f38    00000050     driverlib.lib : sysctl.obj (.text:SysCtlPeripheralReset)
                  00001f88    0000004c                   : i2c.obj (.text:I2CMasterInitExpClk)
                  00001fd4    00000048                   : gpio.obj (.text:GPIOPinConfigure)
                  0000201c    00000048     blinky.obj (.text:intToStr)
                  00002064    00000044     driverlib.lib : gpio.obj (.text:_GPIOIntNumberGet)
                  000020a8    00000044     rtsv7M4_T_le_v4SPD16_eabi.lib : autoinit.c.obj (.text:__TI_auto_init_nobinit_nopinit:__TI_auto_init_nobinit_nopinit)
                  000020ec    00000040     LCD.obj (.text:Lcd_Cmd)
                  0000212c    00000038     driverlib.lib : sysctl.obj (.text:SysCtlPeripheralReady)
                  00002164    00000038     rtsv7M4_T_le_v4SPD16_eabi.lib : fs_tod_t2.asm.obj (.text)
                  0000219c    00000034     driverlib.lib : interrupt.obj (.text:IntRegister)
                  000021d0    00000034                   : sysctl.obj (.text:SysCtlPeripheralEnable)
                  00002204    00000034     rtsv7M4_T_le_v4SPD16_eabi.lib : boot_cortex_m.c.obj (.text:_c_int00_noargs:_c_int00_noargs)
                  00002238    0000002e                                   : i_tofd_t2.asm.obj (.text)
                  00002266    0000002a     driverlib.lib : gpio.obj (.text:GPIODirModeSet)
                  00002290    00000026     blinky.obj (.text:reverse)
                  000022b6    00000022     blinky.obj (.text:PWMGenConfigure)
                  000022d8    0000001e     blinky.obj (.text:PWMPulseWidthSet)
                  000022f6    0000001c     rtsv7M4_T_le_v4SPD16_eabi.lib : copy_zero_init.c.obj (.text:decompress:ZI:__TI_zero_init_nomemset:__TI_zero_init_nomemset)
                  00002312    0000001a                                   : s_copysign.c.obj (.text:copysign)
                  0000232c    00000018     driverlib.lib : gpio.obj (.text:GPIOIntRegister)
                  00002344    00000018                   : gpio.obj (.text:GPIOPinTypeGPIOOutput)
                  0000235c    00000014     LCD.obj (.text:Lcd_Write_String)
                  00002370    00000012     driverlib.lib : gpio.obj (.text:GPIOPinTypeGPIOInput)
                  00002382    00000012                   : gpio.obj (.text:GPIOPinTypeI2C)
                  00002394    00000012                   : gpio.obj (.text:GPIOPinTypeI2CSCL)
                  000023a6    00000012                   : gpio.obj (.text:GPIOPinTypePWM)
                  000023b8    00000012     blinky.obj (.text:PWMOutputState)
                  000023ca    00000010     driverlib.lib : interrupt.obj (.text:IntMasterEnable)
                  000023da    00000010     LCD.obj (.text:Lcd_Clear)
                  000023ea    00000010     blinky.obj (.text:PWMGenPeriodSet)
                  000023fa    0000000e     driverlib.lib : gpio.obj (.text:GPIOIntStatus)
                  00002408    0000000e     rtsv7M4_T_le_v4SPD16_eabi.lib : copy_decompress_none.c.obj (.text:decompress:none:__TI_decompress_none)
                  00002416    0000000c     driverlib.lib : cpu.obj (.text:CPUcpsie)
                  00002422    0000000c                   : gpio.obj (.text:GPIOIntEnable)
                  0000242e    0000000c     blinky.obj (.text:PWMGenEnable)
                  0000243a    0000000a     driverlib.lib : i2c.obj (.text:I2CMasterEnable)
                  00002444    00000008                   : i2c.obj (.text:I2CMasterBusy)
                  0000244c    00000008                   : i2c.obj (.text:I2CMasterSlaveAddrSet)
                  00002454    00000008     rtsv7M4_T_le_v4SPD16_eabi.lib : errno.c.obj (.text:__aeabi_errno_addr)
                  0000245c    00000006     driverlib.lib : gpio.obj (.text:GPIOIntClear)
                  00002462    00000006                   : gpio.obj (.text:GPIOPinRead)
                  00002468    00000006                   : gpio.obj (.text:GPIOPinWrite)
                  0000246e    00000006     startup_ccs.obj (.text:ResetISR)
                  00002474    00000006     driverlib.lib : sysctl.obj (.text:SysCtlDelay)
                  0000247a    00000004                   : i2c.obj (.text:I2CMasterControl)
                  0000247e    00000004                   : i2c.obj (.text:I2CMasterDataGet)
                  00002482    00000004                   : i2c.obj (.text:I2CMasterDataPut)
                  00002486    00000004     rtsv7M4_T_le_v4SPD16_eabi.lib : pre_init.c.obj (.text:_system_pre_init)
                  0000248a    00000004                                   : exit.c.obj (.text:abort:abort)

.const     0    00002490    00000338     
                  00002490    000000d8     driverlib.lib : gpio.obj (.const:g_ppui32GPIOIntMapSnowflake)
                  00002568    000000c0                   : gpio.obj (.const:g_ppui32GPIOIntMapBlizzard)
                  00002628    00000090                   : gpio.obj (.const:g_pui32GPIOBaseAddrs)
                  000026b8    00000070                   : interrupt.obj (.const)
                  00002728    0000006c                   : sysctl.obj (.const:g_pui32Xtals)
                  00002794    00000004     --HOLE-- [fill = 0]
                  00002798    00000030     rtsv7M4_T_le_v4SPD16_eabi.lib : e_pow.c.obj (.const:$O1$$)

.cinit     0    000027c8    00000030     
                  000027c8    0000000c     (__TI_handler_table)
                  000027d4    00000004     --HOLE-- [fill = 0]
                  000027d8    00000008     (.cinit..vtable.load) [load image, compression = zero_init]
                  000027e0    00000007     (.cinit..data.load) [load image, compression = lzss]
                  000027e7    00000001     --HOLE-- [fill = 0]
                  000027e8    00000010     (__TI_cinit_table)

.init_array 
*          0    00000000    00000000     UNINITIALIZED

.vtable    0    20000000    0000026c     UNINITIALIZED
                  20000000    0000026c     driverlib.lib : interrupt.obj (.vtable)

.data      0    2000026c    00000004     UNINITIALIZED
                  2000026c    00000004     rtsv7M4_T_le_v4SPD16_eabi.lib : errno.c.obj (.data)

.stack     0    20000270    00000200     UNINITIALIZED
                  20000270    00000004     rtsv7M4_T_le_v4SPD16_eabi.lib : boot_cortex_m.c.obj (.stack)
                  20000274    000001fc     --HOLE--

__llvm_prf_cnts 
*          0    20000000    00000000     UNINITIALIZED

MODULE SUMMARY

       Module                       code   ro data   rw data
       ------                       ----   -------   -------
    .\
       blinky.obj                   1532   0         0      
       startup_ccs.obj              12     620       0      
       LCD.obj                      376    0         0      
    +--+----------------------------+------+---------+---------+
       Total:                       1920   620       0      
                                                            
    C:/ti/ccs1100/tivaware_c_series_2_1_4_178/driverlib/ccs/Debug/driverlib.lib
       gpio.obj                     738    552       0      
       interrupt.obj                172    112       620    
       sysctl.obj                   710    108       0      
       i2c.obj                      114    0         0      
       cpu.obj                      12     0         0      
    +--+----------------------------+------+---------+---------+
       Total:                       1746   772       620    
                                                            
    C:\ti\ccs1100\ccs\tools\compiler\ti-cgt-arm_20.2.5.LTS\lib\rtsv7M4_T_le_v4SPD16_eabi.lib
       e_pow.c.obj                  2512   48        0      
       fd_add_t2.asm.obj            438    0         0      
       e_sqrt.c.obj                 344    0         0      
       fd_div_t2.asm.obj            310    0         0      
       s_scalbn.c.obj               272    0         0      
       fd_cmp_t2.asm.obj            268    0         0      
       fd_mul_t2.asm.obj            252    0         0      
       memcpy_t2.asm.obj            156    0         0      
       fd_tos_t2.asm.obj            110    0         0      
       copy_decompress_lzss.c.obj   104    0         0      
       autoinit.c.obj               68     0         0      
       fs_tod_t2.asm.obj            56     0         0      
       boot_cortex_m.c.obj          52     0         0      
       i_tofd_t2.asm.obj            46     0         0      
       copy_zero_init.c.obj         28     0         0      
       s_copysign.c.obj             26     0         0      
       copy_decompress_none.c.obj   14     0         0      
       errno.c.obj                  8      0         4      
       exit.c.obj                   4      0         0      
       pre_init.c.obj               4      0         0      
    +--+----------------------------+------+---------+---------+
       Total:                       5072   48        4      
                                                            
       Stack:                       0      0         512    
       Linker Generated:            0      43        0      
    +--+----------------------------+------+---------+---------+
       Grand Total:                 8738   1483      1136   


LINKER GENERATED COPY TABLES

__TI_cinit_table @ 000027e8 records: 2, size/record: 8, table size: 16
	.vtable: load addr=000027d8, load size=00000008 bytes, run addr=20000000, run size=0000026c bytes, compression=zero_init
	.data: load addr=000027e0, load size=00000007 bytes, run addr=2000026c, run size=00000004 bytes, compression=lzss


LINKER GENERATED HANDLER TABLE

__TI_handler_table @ 000027c8 records: 3, size/record: 4, table size: 12
	index: 0, handler: __TI_zero_init
	index: 1, handler: __TI_decompress_lzss
	index: 2, handler: __TI_decompress_none


GLOBAL SYMBOLS: SORTED ALPHABETICALLY BY Name 

address   name                          
-------   ----                          
0000248b  C$$EXIT                       
00002417  CPUcpsie                      
00002267  GPIODirModeSet                
0000245d  GPIOIntClear                  
00002423  GPIOIntEnable                 
0000232d  GPIOIntRegister               
000023fb  GPIOIntStatus                 
00001e8b  GPIOIntTypeSet                
00001453  GPIOPadConfigSet              
00001fd5  GPIOPinConfigure              
00002463  GPIOPinRead                   
00002371  GPIOPinTypeGPIOInput          
00002345  GPIOPinTypeGPIOOutput         
00002383  GPIOPinTypeI2C                
00002395  GPIOPinTypeI2CSCL             
000023a7  GPIOPinTypePWM                
00002469  GPIOPinWrite                  
00002445  I2CMasterBusy                 
0000247b  I2CMasterControl              
0000247f  I2CMasterDataGet              
00002483  I2CMasterDataPut              
0000243b  I2CMasterEnable               
00001f89  I2CMasterInitExpClk           
0000244d  I2CMasterSlaveAddrSet         
00001cfd  IntEnable                     
000023cb  IntMasterEnable               
0000219d  IntRegister                   
000023db  Lcd_Clear                     
000020ed  Lcd_Cmd                       
00001e2d  Lcd_Init                      
00001ee1  Lcd_Port                      
00001dcd  Lcd_Write_Char                
0000235d  Lcd_Write_String              
000022b7  PWMGenConfigure               
0000242f  PWMGenEnable                  
000023eb  PWMGenPeriodSet               
000023b9  PWMOutputState                
000022d9  PWMPulseWidthSet              
000011dd  PortBIntHandler               
0000246f  ResetISR                      
00001585  SysCtlClockGet                
000018a1  SysCtlClockSet                
00002475  SysCtlDelay                   
000021d1  SysCtlPeripheralEnable        
0000212d  SysCtlPeripheralReady         
00001f39  SysCtlPeripheralReset         
20000470  __STACK_END                   
00000200  __STACK_SIZE                  
20000470  __STACK_TOP                   
000027e8  __TI_CINIT_Base               
000027f8  __TI_CINIT_Limit              
000027c8  __TI_Handler_Table_Base       
000027d4  __TI_Handler_Table_Limit      
000020a9  __TI_auto_init_nobinit_nopinit
00001d65  __TI_decompress_lzss          
00002409  __TI_decompress_none          
ffffffff  __TI_pprof_out_hndl           
ffffffff  __TI_prof_data_size           
ffffffff  __TI_prof_data_start          
00000000  __TI_static_base__            
000022f7  __TI_zero_init_nomemset       
00001afd  __aeabi_cdcmpeq               
00001afd  __aeabi_cdcmple               
00001b83  __aeabi_cdrcmple              
00001c8d  __aeabi_d2f                   
00000ed7  __aeabi_dadd                  
0000131d  __aeabi_ddiv                  
000017a5  __aeabi_dmul                  
00000ecd  __aeabi_dsub                  
00002455  __aeabi_errno_addr            
00002165  __aeabi_f2d                   
00002239  __aeabi_i2d                   
00001a61  __aeabi_memcpy                
00001a61  __aeabi_memcpy4               
00001a61  __aeabi_memcpy8               
ffffffff  __binit__                     
ffffffff  __c_args__                    
UNDEFED   __mpu_init                    
20000270  __stack                       
20000000  __start___llvm_prf_cnts       
20000000  __stop___llvm_prf_cnts        
00002205  _c_int00_noargs               
UNDEFED   _system_post_cinit            
00002487  _system_pre_init              
0000248b  abort                         
ffffffff  binit                         
00002313  copysign                      
00002313  copysignl                     
2000026c  errno                         
00001c09  ftoa                          
20000000  g_pfnRAMVectors               
00000000  g_pfnVectors                  
00001995  i2c_get_temp                  
0000201d  intToStr                      
00001695  ldexp                         
00001695  ldexpl                        
00000c3d  main                          
00001a61  memcpy                        
0000026d  pow                           
0000026d  powl                          
00002291  reverse                       
00001695  scalbn                        
00001695  scalbnl                       
00001085  sqrt                          
00001085  sqrtl                         


GLOBAL SYMBOLS: SORTED BY Symbol Address 

address   name                          
-------   ----                          
00000000  __TI_static_base__            
00000000  g_pfnVectors                  
00000200  __STACK_SIZE                  
0000026d  pow                           
0000026d  powl                          
00000c3d  main                          
00000ecd  __aeabi_dsub                  
00000ed7  __aeabi_dadd                  
00001085  sqrt                          
00001085  sqrtl                         
000011dd  PortBIntHandler               
0000131d  __aeabi_ddiv                  
00001453  GPIOPadConfigSet              
00001585  SysCtlClockGet                
00001695  ldexp                         
00001695  ldexpl                        
00001695  scalbn                        
00001695  scalbnl                       
000017a5  __aeabi_dmul                  
000018a1  SysCtlClockSet                
00001995  i2c_get_temp                  
00001a61  __aeabi_memcpy                
00001a61  __aeabi_memcpy4               
00001a61  __aeabi_memcpy8               
00001a61  memcpy                        
00001afd  __aeabi_cdcmpeq               
00001afd  __aeabi_cdcmple               
00001b83  __aeabi_cdrcmple              
00001c09  ftoa                          
00001c8d  __aeabi_d2f                   
00001cfd  IntEnable                     
00001d65  __TI_decompress_lzss          
00001dcd  Lcd_Write_Char                
00001e2d  Lcd_Init                      
00001e8b  GPIOIntTypeSet                
00001ee1  Lcd_Port                      
00001f39  SysCtlPeripheralReset         
00001f89  I2CMasterInitExpClk           
00001fd5  GPIOPinConfigure              
0000201d  intToStr                      
000020a9  __TI_auto_init_nobinit_nopinit
000020ed  Lcd_Cmd                       
0000212d  SysCtlPeripheralReady         
00002165  __aeabi_f2d                   
0000219d  IntRegister                   
000021d1  SysCtlPeripheralEnable        
00002205  _c_int00_noargs               
00002239  __aeabi_i2d                   
00002267  GPIODirModeSet                
00002291  reverse                       
000022b7  PWMGenConfigure               
000022d9  PWMPulseWidthSet              
000022f7  __TI_zero_init_nomemset       
00002313  copysign                      
00002313  copysignl                     
0000232d  GPIOIntRegister               
00002345  GPIOPinTypeGPIOOutput         
0000235d  Lcd_Write_String              
00002371  GPIOPinTypeGPIOInput          
00002383  GPIOPinTypeI2C                
00002395  GPIOPinTypeI2CSCL             
000023a7  GPIOPinTypePWM                
000023b9  PWMOutputState                
000023cb  IntMasterEnable               
000023db  Lcd_Clear                     
000023eb  PWMGenPeriodSet               
000023fb  GPIOIntStatus                 
00002409  __TI_decompress_none          
00002417  CPUcpsie                      
00002423  GPIOIntEnable                 
0000242f  PWMGenEnable                  
0000243b  I2CMasterEnable               
00002445  I2CMasterBusy                 
0000244d  I2CMasterSlaveAddrSet         
00002455  __aeabi_errno_addr            
0000245d  GPIOIntClear                  
00002463  GPIOPinRead                   
00002469  GPIOPinWrite                  
0000246f  ResetISR                      
00002475  SysCtlDelay                   
0000247b  I2CMasterControl              
0000247f  I2CMasterDataGet              
00002483  I2CMasterDataPut              
00002487  _system_pre_init              
0000248b  C$$EXIT                       
0000248b  abort                         
000027c8  __TI_Handler_Table_Base       
000027d4  __TI_Handler_Table_Limit      
000027e8  __TI_CINIT_Base               
000027f8  __TI_CINIT_Limit              
20000000  __start___llvm_prf_cnts       
20000000  __stop___llvm_prf_cnts        
20000000  g_pfnRAMVectors               
2000026c  errno                         
20000270  __stack                       
20000470  __STACK_END                   
20000470  __STACK_TOP                   
ffffffff  __TI_pprof_out_hndl           
ffffffff  __TI_prof_data_size           
ffffffff  __TI_prof_data_start          
ffffffff  __binit__                     
ffffffff  __c_args__                    
ffffffff  binit                         
UNDEFED   __mpu_init                    
UNDEFED   _system_post_cinit            

[105 symbols]
