******************************************************************************
                  TI ARM Linker PC v20.2.5                     
******************************************************************************
>> Linked Wed Dec 20 16:01:14 2023

OUTPUT FILE NAME:   <blinky.out>
ENTRY POINT SYMBOL: "_c_int00_noargs"  address: 00001159


MEMORY CONFIGURATION

         name            origin    length      used     unused   attr    fill
----------------------  --------  ---------  --------  --------  ----  --------
  FLASH                 00000000   00040000  00001662  0003e99e  R  X
  SRAM                  20000000   00008000  0000046c  00007b94  RW X


SEGMENT ALLOCATION MAP

run origin  load origin   length   init length attrs members
----------  ----------- ---------- ----------- ----- -------
00000000    00000000    00001664   00001664    r-x
  00000000    00000000    0000026c   0000026c    r-- .intvecs
  0000026c    0000026c    000010de   000010de    r-x .text
  0000134c    0000134c    00000304   00000304    r-- .const
  00001650    00001650    00000014   00000014    r-- .cinit
20000000    20000000    00000470   00000000    rw-
  20000000    20000000    0000026c   00000000    rw- .vtable
  20000270    20000270    00000200   00000000    rw- .stack


SECTION ALLOCATION MAP

 output                                  attributes/
section   page    origin      length       input sections
--------  ----  ----------  ----------   ----------------
.intvecs   0    00000000    0000026c     
                  00000000    0000026c     startup_ccs.obj (.intvecs)

.text      0    0000026c    000010de     
                  0000026c    0000027c     blinky.obj (.text:main)
                  000004e8    000001b6     rtsv7M4_T_le_v4SPD16_eabi.lib : fd_add_t2.asm.obj (.text)
                  0000069e    00000002     startup_ccs.obj (.text:FaultISR)
                  000006a0    00000140     blinky.obj (.text:PortBIntHandler)
                  000007e0    00000132     driverlib.lib : gpio.obj (.text:GPIOPadConfigSet)
                  00000912    00000002     startup_ccs.obj (.text:IntDefaultHandler)
                  00000914    00000110     driverlib.lib : sysctl.obj (.text:SysCtlClockGet)
                  00000a24    000000fc     rtsv7M4_T_le_v4SPD16_eabi.lib : fd_mul_t2.asm.obj (.text)
                  00000b20    000000f4     driverlib.lib : sysctl.obj (.text:SysCtlClockSet)
                  00000c14    000000cc     blinky.obj (.text:i2c_get_temp)
                  00000ce0    0000006e     rtsv7M4_T_le_v4SPD16_eabi.lib : fd_tos_t2.asm.obj (.text)
                  00000d4e    00000002     startup_ccs.obj (.text:NmiSR)
                  00000d50    00000068     driverlib.lib : interrupt.obj (.text:IntEnable)
                  00000db8    00000060     LCD.obj (.text:Lcd_Write_Char)
                  00000e18    0000005e     LCD.obj (.text:Lcd_Init)
                  00000e76    00000056     driverlib.lib : gpio.obj (.text:GPIOIntTypeSet)
                  00000ecc    00000056     LCD.obj (.text:Lcd_Port)
                  00000f22    00000002     --HOLE-- [fill = 0]
                  00000f24    0000004c     driverlib.lib : i2c.obj (.text:I2CMasterInitExpClk)
                  00000f70    00000048                   : gpio.obj (.text:GPIOPinConfigure)
                  00000fb8    00000044                   : gpio.obj (.text:_GPIOIntNumberGet)
                  00000ffc    00000044     rtsv7M4_T_le_v4SPD16_eabi.lib : autoinit.c.obj (.text:__TI_auto_init_nobinit_nopinit:__TI_auto_init_nobinit_nopinit)
                  00001040    00000040     LCD.obj (.text:Lcd_Cmd)
                  00001080    00000038     driverlib.lib : sysctl.obj (.text:SysCtlPeripheralReady)
                  000010b8    00000038     rtsv7M4_T_le_v4SPD16_eabi.lib : fs_tod_t2.asm.obj (.text)
                  000010f0    00000034     driverlib.lib : interrupt.obj (.text:IntRegister)
                  00001124    00000034                   : sysctl.obj (.text:SysCtlPeripheralEnable)
                  00001158    00000034     rtsv7M4_T_le_v4SPD16_eabi.lib : boot_cortex_m.c.obj (.text:_c_int00_noargs:_c_int00_noargs)
                  0000118c    0000002a     driverlib.lib : gpio.obj (.text:GPIODirModeSet)
                  000011b6    00000022     blinky.obj (.text:PWMGenConfigure)
                  000011d8    0000001e     blinky.obj (.text:PWMPulseWidthSet)
                  000011f6    0000001c     rtsv7M4_T_le_v4SPD16_eabi.lib : copy_zero_init.c.obj (.text:decompress:ZI:__TI_zero_init_nomemset:__TI_zero_init_nomemset)
                  00001212    00000018     driverlib.lib : gpio.obj (.text:GPIOIntRegister)
                  0000122a    00000018                   : gpio.obj (.text:GPIOPinTypeGPIOOutput)
                  00001242    00000012                   : gpio.obj (.text:GPIOPinTypeGPIOInput)
                  00001254    00000012                   : gpio.obj (.text:GPIOPinTypeI2C)
                  00001266    00000012                   : gpio.obj (.text:GPIOPinTypeI2CSCL)
                  00001278    00000012                   : gpio.obj (.text:GPIOPinTypePWM)
                  0000128a    00000012     blinky.obj (.text:PWMOutputState)
                  0000129c    00000010     driverlib.lib : interrupt.obj (.text:IntMasterEnable)
                  000012ac    00000010     LCD.obj (.text:Lcd_Clear)
                  000012bc    00000010     blinky.obj (.text:PWMGenPeriodSet)
                  000012cc    0000000e     driverlib.lib : gpio.obj (.text:GPIOIntStatus)
                  000012da    0000000c                   : cpu.obj (.text:CPUcpsie)
                  000012e6    0000000c                   : gpio.obj (.text:GPIOIntEnable)
                  000012f2    0000000c     blinky.obj (.text:PWMGenEnable)
                  000012fe    0000000a     driverlib.lib : i2c.obj (.text:I2CMasterEnable)
                  00001308    00000008                   : i2c.obj (.text:I2CMasterBusy)
                  00001310    00000008                   : i2c.obj (.text:I2CMasterSlaveAddrSet)
                  00001318    00000006                   : gpio.obj (.text:GPIOIntClear)
                  0000131e    00000006                   : gpio.obj (.text:GPIOPinRead)
                  00001324    00000006                   : gpio.obj (.text:GPIOPinWrite)
                  0000132a    00000006     startup_ccs.obj (.text:ResetISR)
                  00001330    00000006     driverlib.lib : sysctl.obj (.text:SysCtlDelay)
                  00001336    00000004                   : i2c.obj (.text:I2CMasterControl)
                  0000133a    00000004                   : i2c.obj (.text:I2CMasterDataGet)
                  0000133e    00000004                   : i2c.obj (.text:I2CMasterDataPut)
                  00001342    00000004     rtsv7M4_T_le_v4SPD16_eabi.lib : pre_init.c.obj (.text:_system_pre_init)
                  00001346    00000004                                   : exit.c.obj (.text:abort:abort)

.const     0    0000134c    00000304     
                  0000134c    000000d8     driverlib.lib : gpio.obj (.const:g_ppui32GPIOIntMapSnowflake)
                  00001424    000000c0                   : gpio.obj (.const:g_ppui32GPIOIntMapBlizzard)
                  000014e4    00000090                   : gpio.obj (.const:g_pui32GPIOBaseAddrs)
                  00001574    00000070                   : interrupt.obj (.const)
                  000015e4    0000006c                   : sysctl.obj (.const:g_pui32Xtals)

.cinit     0    00001650    00000014     
                  00001650    00000008     (.cinit..vtable.load) [load image, compression = zero_init]
                  00001658    00000004     (__TI_handler_table)
                  0000165c    00000008     (__TI_cinit_table)

.init_array 
*          0    00000000    00000000     UNINITIALIZED

.vtable    0    20000000    0000026c     UNINITIALIZED
                  20000000    0000026c     driverlib.lib : interrupt.obj (.vtable)

.stack     0    20000270    00000200     UNINITIALIZED
                  20000270    00000004     rtsv7M4_T_le_v4SPD16_eabi.lib : boot_cortex_m.c.obj (.stack)
                  20000274    000001fc     --HOLE--

__llvm_prf_cnts 
*          0    20000000    00000000     UNINITIALIZED

MODULE SUMMARY

       Module                 code   ro data   rw data
       ------                 ----   -------   -------
    .\
       blinky.obj             1270   0         0      
       startup_ccs.obj        12     620       0      
       LCD.obj                356    0         0      
    +--+----------------------+------+---------+---------+
       Total:                 1638   620       0      
                                                      
    C:/ti/ccs1100/tivaware_c_series_2_1_4_178/driverlib/ccs/Debug/driverlib.lib
       gpio.obj               738    552       0      
       interrupt.obj          172    112       620    
       sysctl.obj             630    108       0      
       i2c.obj                114    0         0      
       cpu.obj                12     0         0      
    +--+----------------------+------+---------+---------+
       Total:                 1666   772       620    
                                                      
    C:\ti\ccs1100\ccs\tools\compiler\ti-cgt-arm_20.2.5.LTS\lib\rtsv7M4_T_le_v4SPD16_eabi.lib
       fd_add_t2.asm.obj      438    0         0      
       fd_mul_t2.asm.obj      252    0         0      
       fd_tos_t2.asm.obj      110    0         0      
       autoinit.c.obj         68     0         0      
       fs_tod_t2.asm.obj      56     0         0      
       boot_cortex_m.c.obj    52     0         0      
       copy_zero_init.c.obj   28     0         0      
       exit.c.obj             4      0         0      
       pre_init.c.obj         4      0         0      
    +--+----------------------+------+---------+---------+
       Total:                 1012   0         0      
                                                      
       Stack:                 0      0         512    
       Linker Generated:      0      20        0      
    +--+----------------------+------+---------+---------+
       Grand Total:           4316   1412      1132   


LINKER GENERATED COPY TABLES

__TI_cinit_table @ 0000165c records: 1, size/record: 8, table size: 8
	.vtable: load addr=00001650, load size=00000008 bytes, run addr=20000000, run size=0000026c bytes, compression=zero_init


LINKER GENERATED HANDLER TABLE

__TI_handler_table @ 00001658 records: 1, size/record: 4, table size: 4
	index: 0, handler: __TI_zero_init


GLOBAL SYMBOLS: SORTED ALPHABETICALLY BY Name 

address   name                          
-------   ----                          
00001347  C$$EXIT                       
000012db  CPUcpsie                      
0000118d  GPIODirModeSet                
00001319  GPIOIntClear                  
000012e7  GPIOIntEnable                 
00001213  GPIOIntRegister               
000012cd  GPIOIntStatus                 
00000e77  GPIOIntTypeSet                
000007e1  GPIOPadConfigSet              
00000f71  GPIOPinConfigure              
0000131f  GPIOPinRead                   
00001243  GPIOPinTypeGPIOInput          
0000122b  GPIOPinTypeGPIOOutput         
00001255  GPIOPinTypeI2C                
00001267  GPIOPinTypeI2CSCL             
00001279  GPIOPinTypePWM                
00001325  GPIOPinWrite                  
00001309  I2CMasterBusy                 
00001337  I2CMasterControl              
0000133b  I2CMasterDataGet              
0000133f  I2CMasterDataPut              
000012ff  I2CMasterEnable               
00000f25  I2CMasterInitExpClk           
00001311  I2CMasterSlaveAddrSet         
00000d51  IntEnable                     
0000129d  IntMasterEnable               
000010f1  IntRegister                   
000012ad  Lcd_Clear                     
00001041  Lcd_Cmd                       
00000e19  Lcd_Init                      
00000ecd  Lcd_Port                      
00000db9  Lcd_Write_Char                
000011b7  PWMGenConfigure               
000012f3  PWMGenEnable                  
000012bd  PWMGenPeriodSet               
0000128b  PWMOutputState                
000011d9  PWMPulseWidthSet              
000006a1  PortBIntHandler               
0000132b  ResetISR                      
00000915  SysCtlClockGet                
00000b21  SysCtlClockSet                
00001331  SysCtlDelay                   
00001125  SysCtlPeripheralEnable        
00001081  SysCtlPeripheralReady         
20000470  __STACK_END                   
00000200  __STACK_SIZE                  
20000470  __STACK_TOP                   
0000165c  __TI_CINIT_Base               
00001664  __TI_CINIT_Limit              
00001658  __TI_Handler_Table_Base       
0000165c  __TI_Handler_Table_Limit      
00000ffd  __TI_auto_init_nobinit_nopinit
ffffffff  __TI_pprof_out_hndl           
ffffffff  __TI_prof_data_size           
ffffffff  __TI_prof_data_start          
00000000  __TI_static_base__            
000011f7  __TI_zero_init_nomemset       
00000ce1  __aeabi_d2f                   
000004f3  __aeabi_dadd                  
00000a25  __aeabi_dmul                  
000004e9  __aeabi_dsub                  
000010b9  __aeabi_f2d                   
ffffffff  __binit__                     
ffffffff  __c_args__                    
UNDEFED   __mpu_init                    
20000270  __stack                       
20000000  __start___llvm_prf_cnts       
20000000  __stop___llvm_prf_cnts        
00001159  _c_int00_noargs               
UNDEFED   _system_post_cinit            
00001343  _system_pre_init              
00001347  abort                         
ffffffff  binit                         
20000000  g_pfnRAMVectors               
00000000  g_pfnVectors                  
00000c15  i2c_get_temp                  
0000026d  main                          


GLOBAL SYMBOLS: SORTED BY Symbol Address 

address   name                          
-------   ----                          
00000000  __TI_static_base__            
00000000  g_pfnVectors                  
00000200  __STACK_SIZE                  
0000026d  main                          
000004e9  __aeabi_dsub                  
000004f3  __aeabi_dadd                  
000006a1  PortBIntHandler               
000007e1  GPIOPadConfigSet              
00000915  SysCtlClockGet                
00000a25  __aeabi_dmul                  
00000b21  SysCtlClockSet                
00000c15  i2c_get_temp                  
00000ce1  __aeabi_d2f                   
00000d51  IntEnable                     
00000db9  Lcd_Write_Char                
00000e19  Lcd_Init                      
00000e77  GPIOIntTypeSet                
00000ecd  Lcd_Port                      
00000f25  I2CMasterInitExpClk           
00000f71  GPIOPinConfigure              
00000ffd  __TI_auto_init_nobinit_nopinit
00001041  Lcd_Cmd                       
00001081  SysCtlPeripheralReady         
000010b9  __aeabi_f2d                   
000010f1  IntRegister                   
00001125  SysCtlPeripheralEnable        
00001159  _c_int00_noargs               
0000118d  GPIODirModeSet                
000011b7  PWMGenConfigure               
000011d9  PWMPulseWidthSet              
000011f7  __TI_zero_init_nomemset       
00001213  GPIOIntRegister               
0000122b  GPIOPinTypeGPIOOutput         
00001243  GPIOPinTypeGPIOInput          
00001255  GPIOPinTypeI2C                
00001267  GPIOPinTypeI2CSCL             
00001279  GPIOPinTypePWM                
0000128b  PWMOutputState                
0000129d  IntMasterEnable               
000012ad  Lcd_Clear                     
000012bd  PWMGenPeriodSet               
000012cd  GPIOIntStatus                 
000012db  CPUcpsie                      
000012e7  GPIOIntEnable                 
000012f3  PWMGenEnable                  
000012ff  I2CMasterEnable               
00001309  I2CMasterBusy                 
00001311  I2CMasterSlaveAddrSet         
00001319  GPIOIntClear                  
0000131f  GPIOPinRead                   
00001325  GPIOPinWrite                  
0000132b  ResetISR                      
00001331  SysCtlDelay                   
00001337  I2CMasterControl              
0000133b  I2CMasterDataGet              
0000133f  I2CMasterDataPut              
00001343  _system_pre_init              
00001347  C$$EXIT                       
00001347  abort                         
00001658  __TI_Handler_Table_Base       
0000165c  __TI_CINIT_Base               
0000165c  __TI_Handler_Table_Limit      
00001664  __TI_CINIT_Limit              
20000000  __start___llvm_prf_cnts       
20000000  __stop___llvm_prf_cnts        
20000000  g_pfnRAMVectors               
20000270  __stack                       
20000470  __STACK_END                   
20000470  __STACK_TOP                   
ffffffff  __TI_pprof_out_hndl           
ffffffff  __TI_prof_data_size           
ffffffff  __TI_prof_data_start          
ffffffff  __binit__                     
ffffffff  __c_args__                    
ffffffff  binit                         
UNDEFED   __mpu_init                    
UNDEFED   _system_post_cinit            

[77 symbols]
